
> mool_stone@0.1.0 build
> next build

Γû▓ Next.js 16.1.1 (Turbopack)
- Environments: .env

  Creating an optimized production build ...
node.exe : 
At line:1 char:1
+ & "C:\Program Files
\nodejs/node.exe" 
"C:\Program 
Files\nodejs/node_mo 
...
+ ~~~~~~~~~~~~~~~~~~~
~~~~~~~~~~~~~~~~~~~~~
~~~~~~~~~~~~~~~~~~~~~
~~~~~~~~
    + CategoryInfo   
           : NotSpe  
  cified: (:String   
 ) [], RemoteExce    
ption
    + FullyQualified 
   ErrorId : Native  
  CommandError
 
> Build error 
occurred
Error: Turbopack 
build failed with 2 
errors:
./src/app/web-develop
ment-services/page.ts
x:12:1
Export 
webServiceData 
doesn't exist in 
target module
[0m [90m 10 |[39m 
[36mimport[39m 
[33mImage[39m 
[36mfrom[39m [32m"
next/image"[39m[33m
;[39m
 [90m 11 |[39m 
[36mimport[39m 
[33mLink[39m 
[36mfrom[39m [32m"
next/link"[39m[33m;
[39m
[31m[1m>[22m[39m
[90m 12 |[39m 
[36mimport[39m { 
webServiceData } 
[36mfrom[39m [32m"
@/data/services"[39m
[33m;[39m
 [90m    |[39m [31
m[1m^[22m[39m[31m
[1m^[22m[39m[31m
[1m^[22m[39m[31m[
1m^[22m[39m[31m[1
m^[22m[39m[31m[1m
^[22m[39m[31m[1m^
[22m[39m[31m[1m^
[22m[39m[31m[1m^[
22m[39m[31m[1m^[2
2m[39m[31m[1m^[22
m[39m[31m[1m^[22m
[39m[31m[1m^[22m
[39m[31m[1m^[22m[
39m[31m[1m^[22m[3
9m[31m[1m^[22m[39
m[31m[1m^[22m[39m
[31m[1m^[22m[39m
[31m[1m^[22m[39m[
31m[1m^[22m[39m[3
1m[1m^[22m[39m[31
m[1m^[22m[39m[31m
[1m^[22m[39m[31m
[1m^[22m[39m[31m[
1m^[22m[39m[31m[1
m^[22m[39m[31m[1m
^[22m[39m[31m[1m^
[22m[39m[31m[1m^
[22m[39m[31m[1m^[
22m[39m[31m[1m^[2
2m[39m[31m[1m^[22
m[39m[31m[1m^[22m
[39m[31m[1m^[22m
[39m[31m[1m^[22m[
39m[31m[1m^[22m[3
9m[31m[1m^[22m[39
m[31m[1m^[22m[39m
[31m[1m^[22m[39m
[31m[1m^[22m[39m[
31m[1m^[22m[39m[3
1m[1m^[22m[39m[31
m[1m^[22m[39m[31m
[1m^[22m[39m[31m
[1m^[22m[39m[31m[
1m^[22m[39m[31m[1
m^[22m[39m[31m[1m
^[22m[39m[31m[1m^
[22m[39m
 [90m 13 |[39m 
[36mimport[39m { [
33mExpandableText[39
m } [36mfrom[39m [
32m"@/components/ui/E
xpandableText"[39m[
33m;[39m
 [90m 14 |[39m 
[36mimport[39m { 
motion } 
[36mfrom[39m [32m"
framer-motion"[39m[
33m;[39m
 [90m 15 |[39m 
[36mimport[39m 
webDevHeroImg 
[36mfrom[39m [32m"
../web-development-de
sign.jpg"[39m[33m;
[39m[0m

The export 
webServiceData was 
not found in module [
project]/src/data/ser
vices.tsx 
[app-client] 
(ecmascript).
Did you mean to 
import serviceData?
All exports of the 
module are 
statically known (It 
doesn't have dynamic 
exports). So it's 
known statically 
that the requested 
export doesn't exist.

Import traces:
  Client Component 
Browser:
    ./src/app/web-dev
elopment-services/pag
e.tsx [Client 
Component Browser]
    ./src/app/web-dev
elopment-services/pag
e.tsx [Server 
Component]

  Client Component 
SSR:
    ./src/app/web-dev
elopment-services/pag
e.tsx [Client 
Component SSR]
    ./src/app/web-dev
elopment-services/pag
e.tsx [Server 
Component]


./src/app/web-develop
ment-services/page.ts
x:12:1
Export 
webServiceData 
doesn't exist in 
target module
[0m [90m 10 |[39m 
[36mimport[39m 
[33mImage[39m 
[36mfrom[39m [32m"
next/image"[39m[33m
;[39m
 [90m 11 |[39m 
[36mimport[39m 
[33mLink[39m 
[36mfrom[39m [32m"
next/link"[39m[33m;
[39m
[31m[1m>[22m[39m
[90m 12 |[39m 
[36mimport[39m { 
webServiceData } 
[36mfrom[39m [32m"
@/data/services"[39m
[33m;[39m
 [90m    |[39m [31
m[1m^[22m[39m[31m
[1m^[22m[39m[31m
[1m^[22m[39m[31m[
1m^[22m[39m[31m[1
m^[22m[39m[31m[1m
^[22m[39m[31m[1m^
[22m[39m[31m[1m^
[22m[39m[31m[1m^[
22m[39m[31m[1m^[2
2m[39m[31m[1m^[22
m[39m[31m[1m^[22m
[39m[31m[1m^[22m
[39m[31m[1m^[22m[
39m[31m[1m^[22m[3
9m[31m[1m^[22m[39
m[31m[1m^[22m[39m
[31m[1m^[22m[39m
[31m[1m^[22m[39m[
31m[1m^[22m[39m[3
1m[1m^[22m[39m[31
m[1m^[22m[39m[31m
[1m^[22m[39m[31m
[1m^[22m[39m[31m[
1m^[22m[39m[31m[1
m^[22m[39m[31m[1m
^[22m[39m[31m[1m^
[22m[39m[31m[1m^
[22m[39m[31m[1m^[
22m[39m[31m[1m^[2
2m[39m[31m[1m^[22
m[39m[31m[1m^[22m
[39m[31m[1m^[22m
[39m[31m[1m^[22m[
39m[31m[1m^[22m[3
9m[31m[1m^[22m[39
m[31m[1m^[22m[39m
[31m[1m^[22m[39m
[31m[1m^[22m[39m[
31m[1m^[22m[39m[3
1m[1m^[22m[39m[31
m[1m^[22m[39m[31m
[1m^[22m[39m[31m
[1m^[22m[39m[31m[
1m^[22m[39m[31m[1
m^[22m[39m[31m[1m
^[22m[39m[31m[1m^
[22m[39m
 [90m 13 |[39m 
[36mimport[39m { [
33mExpandableText[39
m } [36mfrom[39m [
32m"@/components/ui/E
xpandableText"[39m[
33m;[39m
 [90m 14 |[39m 
[36mimport[39m { 
motion } 
[36mfrom[39m [32m"
framer-motion"[39m[
33m;[39m
 [90m 15 |[39m 
[36mimport[39m 
webDevHeroImg 
[36mfrom[39m [32m"
../web-development-de
sign.jpg"[39m[33m;
[39m[0m

The export 
webServiceData was 
not found in module [
project]/src/data/ser
vices.tsx [app-ssr] 
(ecmascript).
Did you mean to 
import serviceData?
All exports of the 
module are 
statically known (It 
doesn't have dynamic 
exports). So it's 
known statically 
that the requested 
export doesn't exist.

Import traces:
  Client Component 
Browser:
    ./src/app/web-dev
elopment-services/pag
e.tsx [Client 
Component Browser]
    ./src/app/web-dev
elopment-services/pag
e.tsx [Server 
Component]

  Client Component 
SSR:
    ./src/app/web-dev
elopment-services/pag
e.tsx [Client 
Component SSR]
    ./src/app/web-dev
elopment-services/pag
e.tsx [Server 
Component]


    at <unknown> (./s
rc/app/web-developmen
t-services/page.tsx:1
2:1)
    at <unknown> (./s
rc/app/web-developmen
t-services/page.tsx:1
2:1)
